[?2004h]0;MINGW64:/c/Users/SHUBHSM AKHIL/OneDrive/Desktop/EnterpriseBot-task/lab
[32mSHUBHSM AKHIL@shubham-akhil [35mMINGW64 [33m~/OneDrive/Desktop/EnterpriseBot-task/lab[36m (main)[0m
$ ls
[?2004lbroken-chart/
cluster-state/
FINDINGS.md
part4-session.log
scenario.sh*
[?2004h]0;MINGW64:/c/Users/SHUBHSM AKHIL/OneDrive/Desktop/EnterpriseBot-task/lab
[32mSHUBHSM AKHIL@shubham-akhil [35mMINGW64 [33m~/OneDrive/Desktop/EnterpriseBot-task/lab[36m (main)[0m
$ git status
[?2004lOn branch main
Your branch is up to date with 'origin/main'.

Untracked files:
  (use "git add <file>..." to include in what will be committed)
	part4-session.log

nothing added to commit but untracked files present (use "git add" to track)
[?2004h]0;MINGW64:/c/Users/SHUBHSM AKHIL/OneDrive/Desktop/EnterpriseBot-task/lab
[32mSHUBHSM AKHIL@shubham-akhil [35mMINGW64 [33m~/OneDrive/Desktop/EnterpriseBot-task/lab[36m (main)[0m
$ git add -a[KA
[?2004l